// Jest Snapshot v1, https://goo.gl/fbAQLP

exports[`Birre component should render correctly 1`] = `<div />`;

exports[`Home component should render correctly 1`] = `<div />`;

exports[`Ricette component should render correctly 1`] = `
<div>
  <table
    class="myTable"
  >
    <thead>
      <tr>
        <th>
          Nome ricetta
        </th>
        <th>
          Azioni
        </th>
      </tr>
    </thead>
    <tbody>
      <tr>
        <td>
          Ricetta 1
        </td>
        <td>
          <button>
            Visualizza
          </button>
          <button>
            Modifica
          </button>
          <button>
            Rimuovi
          </button>
          <button>
            Esegui
          </button>
        </td>
      </tr>
      <tr>
        <td>
          Ricetta 2
        </td>
        <td>
          <button>
            Visualizza
          </button>
          <button>
            Modifica
          </button>
          <button>
            Rimuovi
          </button>
          <button>
            Esegui
          </button>
        </td>
      </tr>
    </tbody>
  </table>
  <div>
    <div
      class="modal hide"
    />
  </div>
</div>
`;

exports[`Spesa component should render correctly 1`] = `
<div>
  <table
    class="myTable"
  >
    <tr>
      <th>
        Foto prodotto
      </th>
      <th>
        Nome - Descrizione
      </th>
      <th>
        Quantità
      </th>
    </tr>
    <tr>
      <td>
        <img
          class="shoppingImage"
          src="../../icons/inventory-icons/acqua.png"
        />
      </td>
      <td>
        Acqua
      </td>
      <td>
        <div>
          <input
            data-testid="quantity-input"
            id="shoppingItemId"
            name="shoppingItemId"
            value=""
          />
        </div>
      </td>
    </tr>
    <tr>
      <td>
        <img
          class="shoppingImage"
          src="../../icons/inventory-icons/additivi.png"
        />
      </td>
      <td>
        Additivi
      </td>
      <td>
        <div>
          <input
            data-testid="quantity-input"
            id="shoppingItemId"
            name="shoppingItemId"
            value=""
          />
        </div>
      </td>
    </tr>
    <tr>
      <td>
        <img
          class="shoppingImage"
          src="../../icons/inventory-icons/lievito.png"
        />
      </td>
      <td>
        Lievito
      </td>
      <td>
        <div>
          <input
            data-testid="quantity-input"
            id="shoppingItemId"
            name="shoppingItemId"
            value=""
          />
        </div>
      </td>
    </tr>
    <tr>
      <td>
        <img
          class="shoppingImage"
          src="../../icons/inventory-icons/luppoli.png"
        />
      </td>
      <td>
        Luppoli
      </td>
      <td>
        <div>
          <input
            data-testid="quantity-input"
            id="shoppingItemId"
            name="shoppingItemId"
            value=""
          />
        </div>
      </td>
    </tr>
    <tr>
      <td>
        <img
          class="shoppingImage"
          src="../../icons/inventory-icons/malto.png"
        />
      </td>
      <td>
        Malto
      </td>
      <td>
        <div>
          <input
            data-testid="quantity-input"
            id="shoppingItemId"
            name="shoppingItemId"
            value=""
          />
        </div>
      </td>
    </tr>
    <tr>
      <td>
        <img
          class="shoppingImage"
          src="../../icons/inventory-icons/zuccheri.png"
        />
      </td>
      <td>
        Zuccheri
      </td>
      <td>
        <div>
          <input
            data-testid="quantity-input"
            id="shoppingItemId"
            name="shoppingItemId"
            value=""
          />
        </div>
      </td>
    </tr>
  </table>
  <button
    id="shoppingBuyButton"
  >
    Compra
  </button>
</div>
`;
